workflow:
  auto_cancel:
    on_new_commit: interruptible
  rules:
    - if: $CI_PIPELINE_SOURCE == "merge_request_event"
